smash> smash error: kill: invalid arguments
smash> smash error: kill: job-id -1 does not exist
smash> smash error: kill: invalid arguments
smash> smash error: kill: job-id 1 does not exist
smash> smash error: kill: invalid arguments
smash> smash error: kill: invalid arguments
smash> smash error: kill: invalid arguments
smash> smash error: kill: job-id 1 does not exist
smash> smash> smash error: kill: invalid arguments
smash> smash error: kill: invalid arguments
smash> smash error: kill: invalid arguments
smash> smash error: kill: invalid arguments
smash> smash error: kill: invalid arguments
smash> signal number 9 was sent to pid 45259
smash> smash error: kill: job-id 1 does not exist
smash> smash> smash> smash error: kill failed: Invalid argument
smash> [1] sleep 10& : 45269 0 secs
smash> smash> [1] sleep 10& : 45269 0 secs
[2] sleep 5& : 45273 0 secs
smash> smash> [1] sleep 10& : 45269 2 secs
[2] sleep 5& : 45273 2 secs
[3] sleep 3& : 45276 1 secs
smash> smash error: kill: invalid arguments
smash> smash error: kill: invalid arguments
smash> smash> smash> [1] sleep 10 & : 45282 4 secs
smash> signal number 9 was sent to pid 45282
smash> smash> smash> smash> smash: got ctrl-Z
smash: process 45291 was stopped
smash> [1] sleep 5& : 45287 0 secs
[2]           sleep        10   & : 45289 0 secs
[3] sleep 15 : 45291 0 secs (stopped)
smash> signal number 9 was sent to pid 45287
smash> [2]           sleep        10   & : 45289 0 secs
[3] sleep 15 : 45291 0 secs (stopped)
smash> signal number 9 was sent to pid 45289
smash> [3] sleep 15 : 45291 1 secs (stopped)
smash> signal number 9 was sent to pid 45291
smash> smash> smash> signal number 19 was sent to pid 45300
smash> [1] sleep 10& : 45300 2 secs
smash> smash: got ctrl-C
smash: process 45304 was killed
smash> signal number 9 was sent to pid 45300
smash> smash: sending SIGKILL signal to 0 jobs:
