smash> my_sleep
random1.txt
ransmash> look here
smash> /bin/bash: not_real_command: command not found
smash> smash> smash> smash> my_sleep
random1.txt
random2.txt
sub1
sub2
sub3
smash> 0
2
Done: 3
smash> smash pid is 45126
smash> smash pid is 45126
smash> /tmp/smash_test
smash> smash> smash> [1] sleep 20& : 45180 0 secs
[2] sleep 10& : 45181 0 secs
smash> signal number 9 was sent to pid 45180
smash> signal number 9 was sent to pid 45181
smash> smash> smash> signal number 9 was sent to pid 45196
smash> smash> r directory
smash> r directory
smash> PWD not set
smash> y arguments
smash> s not exist
smash> d arguments
smash> d arguments
smash> d not found
smash> smash> smash: sending SIGKILL signal to 0 jobs:
