smash> smash pid is 44832
smash> smash pid is 44832
smash> smash> smash pid is 44832
smash> smash pid is 44832
smash> smash pid is 44832
smash> 